[08:13:03] 1. encrypted base backup
NOTICE:  all required WAL segments have been archived
[08:13:06]    /archive/base/20261006T081303Z.tar.zst.age in 2.3s; header: age-encryption.org/v1
[08:13:06] 2. post-backup gameplay (40 s load)
[08:13:51]    T1=2026-10-06 08:13:50.608653+00
[08:13:51] 3. idle live tables (120 s turns, nobody moves → deadlines fall due DURING the outage); markers every 2 s; SIGKILL
NOTICE:  schema "drill" already exists, skipping
NOTICE:  relation "marker" already exists, skipping
[08:14:03]    idle tables active=6
[08:15:18]    killed; last marker written 2026-10-06 08:15:15.749748+00
[08:15:18] 4. restoredocker/backup-drill.sh: line 61: syntax error near unexpected token `)'
only)
[08:15:21]    database promoted after 3.3s
[08:15:21] 5. compare data final at T1
[08:15:22]    fingerprint IDENTICAL: {"receipts" : "146088:68be72991ab70e1eeb582301178bac20", "finishedTables" : "10968:968ce27f39ddbbca9a0fb8402e989566", "results" : "10968:be617cffc5a6dcddd9984ee763babd98", "rewards" : "60186:744ffd34636a17cc5ac150a2bf854edd"}
[08:15:22]    last marker restored 2026-10-06 08:14:44.076946+00 (written 2026-10-06 08:15:15.749748+00)
[08:15:22] 6. switch api + worker to the restored database
[08:15:34]    API ready on restored data; RTO (kill → serving) 16.6s
[08:15:35] 7. recovery behaviour
[08:15:35]    idle tables restored active: 6 (were 6); waiting for their deadlines
[08:15:58]    idle tables finished by the resumed worker: 6
[08:15:58]    overdue deadlines: 0; outbox backlog: 0
[08:15:58]    duplicate reward source keys: 0
[08:15:59]    tables whose pinned version is missing: 0
"accepted":574,"accepted":574,"unexpectedErrors":0,"violations":0
RESULT rpo_seconds=34.3 rto_db_seconds=3.3 rto_app_seconds=16.6
[08:16:16] 8. return the smoke stack to its original database (drill volume kept for inspection)
[08:16:18] done
